Loading 70/15/15 Datasets...
TRTR Train shape (Real 70%):     (250, 19)
TSTR Train shape (Real + Synth): (308, 19)
Validation shape (Real 15%):     (54, 19)
Test shape       (Real 15%):     (54, 19)

Synthetic class distribution:
Label
At-Risk (1)    58

Param grid:  {'conf_fact': [0.1, 0.15, 0.2, 0.25, 0.35, 0.45], 'min_samples_leaf': [1, 3, 5, 8, 10], 'max_depth': [None, 5, 7, 10]}
Thresholds:  [0.3, 0.325, 0.35, 0.375, 0.4, 0.425, 0.45, 0.475, 0.5, 0.525, 0.55, 0.575, 0.6, 0.625, 0.65, 0.675, 0.7, 0.725]
Min recall:  TRTR=0.7  TSTR=0.85
Outer search workers: 2
Inner search workers: 1

============================================================
PHASE 0: Synthetic Data Quality Check
============================================================
Real positives:  n=96
  Synth positives: n=58
Feature   Real mean  Real std   Synth mean  Synth std   Drift (σ)  Flag
  --------------------------------------------------------------------------------
      NC    1101.959   345.050     1128.783    366.500        0.08
      DM    2475.478   891.065     2575.746    865.525        0.11
      NS      11.839     5.538       11.293      5.439        0.10
     ADD      31.094    13.082       29.621     12.700        0.11
     SUB      27.229    13.180       27.862     13.325        0.05
      CA      16.664     8.809       15.733      8.463        0.11
✔ All features within 1σ — synthetic positives look realistic.
Class balance:
    Real train:     38.4% positive
    Synthetic only: 100.0% positive
    Combined TSTR:  50.0% positive
  ⚠ Combined positive rate is 11.6% higher than real.
    This inflates CV recall for TSTR and causes test collapse.
    Recommend capping synthetic positives — see CAP_SYNTH_POSITIVES below.

============================================================
PHASE 1: Joint Hyperparameter + Threshold Search (parallel)
============================================================

[TRTR] Joint search: 120 param combos x 18 thresholds = 2160 total evaluations
[TRTR]:   0%|                                                                                                                                                                            | 0/2160 [00:00<?, ?it/s]
[TSTR] Joint search: 120 param combos x 18 thresholds = 2160 total evaluations
  Folding over 250 real rows; 58 synthetic rows pinned to every train fold.
[TRTR]:  22%|███████████████████████████▏                                                                                               | 477/2160 [1:09:05<3:28:53,  7.45s/it, recall=0.520 f2=0.536 thresh=0.50^[TRTR]: 100%|████████████████████████████████████████████████████████████████████████████████████████████████████████████████████████████| 2160/2160 [4:29:53<00:00,  7.50s/it, recall=0.312 f2=0.352 thresh=0.72]
[TSTR]:  74%|██████████████████████████████████████████████████████████████████████████████████████████▍                               | 1601/2160 [4:29:48<2:06:43, 13.60s/it, recall=0.624 f2=0.611 thresh=0.70]
  [TRTR] 2/2160 combos met recall >= 0.70

  Top 5 configs (recall-filtered):
    1. Recall=0.7084  F2=0.6626  thresh=0.30  params={'conf_fact': 0.35, 'min_samples_leaf': 5, 'max_depth': None}
    2. Recall=0.7084  F2=0.6626  thresh=0.30  params={'conf_fact': 0.45, 'min_samples_leaf': 5, 'max_depth': None}

  ✔ [TRTR] Best: thresh=0.30  F2=0.6626  Recall=0.7084  params={'conf_fact': 0.35, 'min_samples_leaf': 5, 'max_depth': None}
[TSTR]: 100%|████████████████████████████████████████████████████████████████████████████████████████████████████████████████████████████| 2160/2160 [5:47:09<00:00,  9.64s/it, recall=0.510 f2=0.527 thresh=0.72]
[TSTR]: 100%|████████████████████████████████████████████████████████████████████████████████████████████████████████████████████████████| 2160/2160 [5:47:09<00:00,  7.66s/it, recall=0.510 f2=0.527 thresh=0.72]
  [TSTR] 144/2160 combos met recall >= 0.85

  Top 5 configs (recall-filtered):
    1. Recall=0.9900  F2=0.7576  thresh=0.30  params={'conf_fact': 0.15, 'min_samples_leaf': 1, 'max_depth': 10}
    2. Recall=0.9900  F2=0.7576  thresh=0.30  params={'conf_fact': 0.2, 'min_samples_leaf': 1, 'max_depth': 10}
    3. Recall=0.9900  F2=0.7576  thresh=0.30  params={'conf_fact': 0.25, 'min_samples_leaf': 1, 'max_depth': 10}
    4. Recall=0.9900  F2=0.7576  thresh=0.30  params={'conf_fact': 0.35, 'min_samples_leaf': 1, 'max_depth': 10}
    5. Recall=1.0000  F2=0.7570  thresh=0.30  params={'conf_fact': 0.1, 'min_samples_leaf': 1, 'max_depth': 5}

  ✔ [TSTR] Best: thresh=0.30  F2=0.7576  Recall=0.9900  params={'conf_fact': 0.15, 'min_samples_leaf': 1, 'max_depth': 10}

  Locked params  TRTR: {'conf_fact': 0.35, 'min_samples_leaf': 5, 'max_depth': None}  threshold=0.30
  Locked params  TSTR: {'conf_fact': 0.15, 'min_samples_leaf': 1, 'max_depth': 10}  threshold=0.30

============================================================
PHASE 2: CV Validation  (TRTR thresh=0.30 | TSTR thresh=0.30)
============================================================

Starting 5-Fold CV [TRTR] at threshold=0.30...
  Fold 1: F1=0.5600  F2=0.6364  Recall=0.7000
  Fold 2: F1=0.6250  F2=0.7143  Recall=0.7895
  Fold 3: F1=0.7143  F2=0.7576  Recall=0.7895
  Fold 4: F1=0.5306  F2=0.6132  Recall=0.6842
  Fold 5: F1=0.6111  F2=0.5914  Recall=0.5789

Starting 5-Fold CV [TSTR] at threshold=0.30...
  (folding over 250 real samples; 58 synthetic rows pinned to every train fold)
  Fold 1: F1=0.5672  F2=0.7480  Recall=0.9500
  Fold 2: F1=0.5507  F2=0.7540  Recall=1.0000
  Fold 3: F1=0.5672  F2=0.7661  Recall=1.0000
  Fold 4: F1=0.5672  F2=0.7661  Recall=1.0000
  Fold 5: F1=0.5507  F2=0.7540  Recall=1.0000

=== CV Performance [TRTR] (5-Fold, threshold=0.30) ===
  Recall:    0.7084 +/- 0.0782
  Precision: 0.5433 +/- 0.0908
  F1-Score:  0.6082 +/- 0.0631
  F2-Score:  0.6626 +/- 0.0631
  Accuracy:  0.6440 +/- 0.0862

=== CV Performance [TSTR] (5-Fold, threshold=0.30) ===
  Recall:    0.9900 +/- 0.0200
  Precision: 0.3912 +/- 0.0096
  F1-Score:  0.5606 +/- 0.0081
  F2-Score:  0.7576 +/- 0.0073
  Accuracy:  0.4040 +/- 0.0196

      Metric           TRTR (mean+/-std)           TSTR (mean+/-std)    D (TSTR-TRTR)
-------------------------------------------------------------------------------------
      Recall  0.7084 +/- 0.0782         0.9900 +/- 0.0200         +0.2816
   Precision  0.5433 +/- 0.0908         0.3912 +/- 0.0096         -0.1521
    F1-Score  0.6082 +/- 0.0631         0.5606 +/- 0.0081         -0.0476
    F2-Score  0.6626 +/- 0.0631         0.7576 +/- 0.0073         +0.0951
    Accuracy  0.6440 +/- 0.0862         0.4040 +/- 0.0196         -0.2400

============================================================
PHASE 2b: Fold Variance Inspection
============================================================

--- Fold Variance Inspection [TRTR] ---
 Fold  N_train  C0_tr  C1_tr  N_val  C0_val  C1_val  Depth  Leaves   Recall       F2 Flag
-----------------------------------------------------------------------------------------------
    1      200    124     76     50      30      20     15      24   0.7000   0.6364
    2      200    123     77     50      31      19     16      25   0.7895   0.7143
    3      200    123     77     50      31      19     16      23   0.7895   0.7576
    4      200    123     77     50      31      19     19      27   0.6842   0.6132
    5      200    123     77     50      31      19     18      28   0.5789   0.5914 ⚠ LOW

  Recall range : 0.5789 - 0.7895
  Recall mean  : 0.7084 +/- 0.0874

  Correlation: class_1_train vs recall = +0.054
  Correlation: tree_depth     vs recall = -0.563

--- Fold Variance Inspection [TSTR] ---
 Fold  N_train  C0_tr  C1_tr  N_val  C0_val  C1_val  Depth  Leaves   Recall       F2 Flag
-----------------------------------------------------------------------------------------------
    1      258    124    134     50      30      20     10      11   0.9500   0.7480 ⚠ LOW
    2      258    123    135     50      31      19      8      11   1.0000   0.7540
    3      258    123    135     50      31      19     10      11   1.0000   0.7661
    4      258    123    135     50      31      19     10      16   1.0000   0.7661
    5      258    123    135     50      31      19      8       9   1.0000   0.7540

  Recall range : 0.9500 - 1.0000
  Recall mean  : 0.9900 +/- 0.0224

  Correlation: class_1_train vs recall = +1.000
  Correlation: tree_depth     vs recall = -0.408
  ⚠ Strong correlation with positive-class count in training fold.
    Synthetic data may not be uniformly covering all subgroups.

============================================================
PHASE 2c: TSTR Fold 1 Outlier Investigation
============================================================

  Outlier fold: Fold 1 (recall=0.9500 vs mean=0.9900)

  Val split for Fold 1:  50 real samples  (class 0: 30  class 1: 20)

  Real at-risk cases in Fold 1 val (n=20):
  Feature     Mean      Std      Min      Max
  --------------------------------------------
      NC 1145.550  434.839  632.500 2050.356
      DM 2729.201 1057.031 1106.000 4902.437
      NS   12.875    6.291    3.000   24.500
     ADD   30.950   16.064   11.000   61.000
     SUB   28.850   16.400    4.000   60.000
      CA   19.031    8.966    6.000   37.125

  Real at-risk cases in Fold 1 train (n=76):
  Feature     Mean      Std      Min      Max
  --------------------------------------------
      NC 1090.488  319.792  533.255 1829.551
      DM 2408.708  837.252 1065.750 4902.437
      NS   11.566    5.335    2.000   24.000
     ADD   31.132   12.304    5.000   61.000
     SUB   26.803   12.289    2.000   57.000
      CA   16.041    8.720    2.000   37.125

  If the val group has systematically different feature ranges,
  those subgroups are underrepresented in your synthetic data.

============================================================
PHASE 3: Test Set Evaluation  (TRTR thresh=0.30 | TSTR thresh=0.30)
============================================================

  [TRTR] Test Results:
    Recall:    0.5714
    Precision: 0.6316
    F1-Score:  0.6000
    F2-Score:  0.5825
    Accuracy:  0.7037

  [TSTR] Test Results:
    Recall:    0.6190
    Precision: 0.7647
    F1-Score:  0.6842
    F2-Score:  0.6436
    Accuracy:  0.7778

      Metric    TRTR (test)    TSTR (test)   D (TSTR-TRTR)
----------------------------------------------------------
      Recall        0.5714        0.6190  +0.0476
   Precision        0.6316        0.7647  +0.1331
    F1-Score        0.6000        0.6842  +0.0842
    F2-Score        0.5825        0.6436  +0.0610
    Accuracy        0.7037        0.7778  +0.0741

--- CV vs Test Consistency ---
  [TRTR]  Recall drift: -0.1370  |  F2 drift: -0.0800
    ⚠ Recall drift > 0.10 — possible overfitting or distribution mismatch.
  [TSTR]  Recall drift: -0.3710  |  F2 drift: -0.1141
    ⚠ Recall drift > 0.10 — possible overfitting or distribution mismatch.

============================================================
PHASE 4: Global Feature Importance (TSTR tree)
============================================================

  Incomplete flag importance:
    NS_incomplete        0.0977  ###
    NC_incomplete        0.0876  ###

  -> Flags account for 18.53% of total tree importance.
  [OK] Flags carry meaningful split weight — retain them as features.

  Task feature importance (excluding incomplete flags):
    NC                   0.2407  #########
    ADD                  0.2119  ########
    DM                   0.1685  ######
    SUB                  0.0971  ###
    NS                   0.0966  ###

============================================================
PHASE 4b: Deployment CSV Export
============================================================

  All incomplete flags carry meaningful split weight — no columns dropped.